// Jest Snapshot v1, https://goo.gl/fbAQLP

exports[`Test on <GifExpertApp /> Should math with the snapshoot 1`] = `
<Fragment>
  <h2>
    GifExpertApp
  </h2>
  <AddCategory
    setCategories={[Function]}
  />
  <hr />
  <ol>
    <GifGrid
      category="One punch"
      key="One punch"
    />
  </ol>
</Fragment>
`;
