// Jest Snapshot v1, https://goo.gl/fbAQLP

exports[`Test on GifGridItem component The component should be show correctly 1`] = `
<div
  className="card animate__animated animate__fadeIn"
>
  <img
    alt="Google"
    src="https://google.com/google-image.jpg"
  />
  <p>
    Google
  </p>
</div>
`;
